== engine slot stagger: tag=q06 ng=100000000 prompt=/tmp/tiny_ids.txt maxn=24 ==
== baseline hwctx=0 ==
  slot 1: SERVING  Prefill: 85ms  hwctx=1
  slot 2: SERVING  Prefill: 190ms  hwctx=2
  slot 3: SERVING  Prefill: 266ms  hwctx=3
  slot 4: SERVING  Prefill: 352ms  hwctx=4
  slot 5: SERVING  Prefill: 432ms  hwctx=5
  slot 6: SERVING  Prefill: 623ms  hwctx=6
  slot 7: SERVING  Prefill: 721ms  hwctx=7
  slot 8: SERVING  Prefill: 796ms  hwctx=8
  slot 9: SERVING  Prefill: 809ms  hwctx=9
  slot 10: SERVING  Prefill: 974ms  hwctx=10
  slot 11: SERVING  Prefill: 1176ms  hwctx=11
  slot 12: SERVING  Prefill: 1137ms  hwctx=12
  slot 13: SERVING  Prefill: 1223ms  hwctx=13
  slot 14: SERVING  Prefill: 1303ms  hwctx=14
  slot 15: SERVING  Prefill: 1381ms  hwctx=15
  slot 16: SERVING  Prefill: 1457ms  hwctx=16
  slot 17: SERVING  Prefill: 1660ms  hwctx=17
  slot 18: SERVING  Prefill: 1883ms  hwctx=18
  slot 19: SERVING  Prefill: 1944ms  hwctx=19
  slot 20: SERVING  Prefill: 2041ms  hwctx=20
  slot 21: SERVING  Prefill: 2146ms  hwctx=21
  slot 22: SERVING  Prefill: 2239ms  hwctx=22
  slot 23: SERVING  Prefill: 2289ms  hwctx=23
  slot 24: SERVING  Prefill: 2388ms  hwctx=24
==
== engine slots serving: 24  |  hwctx now: 24  |  total engine RSS: 105.53 GB ==
== after cleanup hwctx=0 ==
